Archive member included to satisfy reference by file (symbol)

C:/ST/STM32CubeIDE_1.16.1/STM32CubeIDE/plugins/com.st.stm32cube.ide.mcu.externaltools.gnu-tools-for-stm32.12.3.rel1.win32_1.0.200.202406191623/tools/bin/../lib/gcc/arm-none-eabi/12.3.1/../../../../arm-none-eabi/lib/thumb/v7-m/nofp\libc_nano.a(libc_a-exit.o)
                              C:/ST/STM32CubeIDE_1.16.1/STM32CubeIDE/plugins/com.st.stm32cube.ide.mcu.externaltools.gnu-tools-for-stm32.12.3.rel1.win32_1.0.200.202406191623/tools/bin/../lib/gcc/arm-none-eabi/12.3.1/../../../../arm-none-eabi/lib/thumb/v7-m/nofp/crt0.o (exit)
C:/ST/STM32CubeIDE_1.16.1/STM32CubeIDE/plugins/com.st.stm32cube.ide.mcu.externaltools.gnu-tools-for-stm32.12.3.rel1.win32_1.0.200.202406191623/tools/bin/../lib/gcc/arm-none-eabi/12.3.1/../../../../arm-none-eabi/lib/thumb/v7-m/nofp\libc_nano.a(libc_a-findfp.o)
                              C:/ST/STM32CubeIDE_1.16.1/STM32CubeIDE/plugins/com.st.stm32cube.ide.mcu.externaltools.gnu-tools-for-stm32.12.3.rel1.win32_1.0.200.202406191623/tools/bin/../lib/gcc/arm-none-eabi/12.3.1/../../../../arm-none-eabi/lib/thumb/v7-m/nofp\libc_nano.a(libc_a-exit.o) (__stdio_exit_handler)
C:/ST/STM32CubeIDE_1.16.1/STM32CubeIDE/plugins/com.st.stm32cube.ide.mcu.externaltools.gnu-tools-for-stm32.12.3.rel1.win32_1.0.200.202406191623/tools/bin/../lib/gcc/arm-none-eabi/12.3.1/../../../../arm-none-eabi/lib/thumb/v7-m/nofp\libc_nano.a(libc_a-fwalk.o)
                              C:/ST/STM32CubeIDE_1.16.1/STM32CubeIDE/plugins/com.st.stm32cube.ide.mcu.externaltools.gnu-tools-for-stm32.12.3.rel1.win32_1.0.200.202406191623/tools/bin/../lib/gcc/arm-none-eabi/12.3.1/../../../../arm-none-eabi/lib/thumb/v7-m/nofp\libc_nano.a(libc_a-findfp.o) (_fwalk_sglue)
C:/ST/STM32CubeIDE_1.16.1/STM32CubeIDE/plugins/com.st.stm32cube.ide.mcu.externaltools.gnu-tools-for-stm32.12.3.rel1.win32_1.0.200.202406191623/tools/bin/../lib/gcc/arm-none-eabi/12.3.1/../../../../arm-none-eabi/lib/thumb/v7-m/nofp\libc_nano.a(libc_a-stdio.o)
                              C:/ST/STM32CubeIDE_1.16.1/STM32CubeIDE/plugins/com.st.stm32cube.ide.mcu.externaltools.gnu-tools-for-stm32.12.3.rel1.win32_1.0.200.202406191623/tools/bin/../lib/gcc/arm-none-eabi/12.3.1/../../../../arm-none-eabi/lib/thumb/v7-m/nofp\libc_nano.a(libc_a-findfp.o) (__sread)
C:/ST/STM32CubeIDE_1.16.1/STM32CubeIDE/plugins/com.st.stm32cube.ide.mcu.externaltools.gnu-tools-for-stm32.12.3.rel1.win32_1.0.200.202406191623/tools/bin/../lib/gcc/arm-none-eabi/12.3.1/../../../../arm-none-eabi/lib/thumb/v7-m/nofp\libc_nano.a(libc_a-memset.o)
                              C:/ST/STM32CubeIDE_1.16.1/STM32CubeIDE/plugins/com.st.stm32cube.ide.mcu.externaltools.gnu-tools-for-stm32.12.3.rel1.win32_1.0.200.202406191623/tools/bin/../lib/gcc/arm-none-eabi/12.3.1/../../../../arm-none-eabi/lib/thumb/v7-m/nofp/crt0.o (memset)
C:/ST/STM32CubeIDE_1.16.1/STM32CubeIDE/plugins/com.st.stm32cube.ide.mcu.externaltools.gnu-tools-for-stm32.12.3.rel1.win32_1.0.200.202406191623/tools/bin/../lib/gcc/arm-none-eabi/12.3.1/../../../../arm-none-eabi/lib/thumb/v7-m/nofp\libc_nano.a(libc_a-closer.o)
                              C:/ST/STM32CubeIDE_1.16.1/STM32CubeIDE/plugins/com.st.stm32cube.ide.mcu.externaltools.gnu-tools-for-stm32.12.3.rel1.win32_1.0.200.202406191623/tools/bin/../lib/gcc/arm-none-eabi/12.3.1/../../../../arm-none-eabi/lib/thumb/v7-m/nofp\libc_nano.a(libc_a-stdio.o) (_close_r)
C:/ST/STM32CubeIDE_1.16.1/STM32CubeIDE/plugins/com.st.stm32cube.ide.mcu.externaltools.gnu-tools-for-stm32.12.3.rel1.win32_1.0.200.202406191623/tools/bin/../lib/gcc/arm-none-eabi/12.3.1/../../../../arm-none-eabi/lib/thumb/v7-m/nofp\libc_nano.a(libc_a-reent.o)
                              C:/ST/STM32CubeIDE_1.16.1/STM32CubeIDE/plugins/com.st.stm32cube.ide.mcu.externaltools.gnu-tools-for-stm32.12.3.rel1.win32_1.0.200.202406191623/tools/bin/../lib/gcc/arm-none-eabi/12.3.1/../../../../arm-none-eabi/lib/thumb/v7-m/nofp\libc_nano.a(libc_a-closer.o) (errno)
C:/ST/STM32CubeIDE_1.16.1/STM32CubeIDE/plugins/com.st.stm32cube.ide.mcu.externaltools.gnu-tools-for-stm32.12.3.rel1.win32_1.0.200.202406191623/tools/bin/../lib/gcc/arm-none-eabi/12.3.1/../../../../arm-none-eabi/lib/thumb/v7-m/nofp\libc_nano.a(libc_a-impure.o)
                              C:/ST/STM32CubeIDE_1.16.1/STM32CubeIDE/plugins/com.st.stm32cube.ide.mcu.externaltools.gnu-tools-for-stm32.12.3.rel1.win32_1.0.200.202406191623/tools/bin/../lib/gcc/arm-none-eabi/12.3.1/../../../../arm-none-eabi/lib/thumb/v7-m/nofp\libc_nano.a(libc_a-reent.o) (_impure_ptr)
C:/ST/STM32CubeIDE_1.16.1/STM32CubeIDE/plugins/com.st.stm32cube.ide.mcu.externaltools.gnu-tools-for-stm32.12.3.rel1.win32_1.0.200.202406191623/tools/bin/../lib/gcc/arm-none-eabi/12.3.1/../../../../arm-none-eabi/lib/thumb/v7-m/nofp\libc_nano.a(libc_a-lseekr.o)
[...]
Memory Configuration

Name             Origin             Length             Attributes
RAM              0x20000000         0x00002800         xrw
FLASH            0x08000000         0x00008000         xr
*default*        0x00000000         0xffffffff

Linker script and memory map

LOAD C:/ST/STM32CubeIDE_1.16.1/STM32CubeIDE/plugins/com.st.stm32cube.ide.mcu.externaltools.gnu-tools-for-stm32.12.3.rel1.win32_1.0.200.202406191623/tools/bin/../lib/gcc/arm-none-eabi/12.3.1/thumb/v7-m/nofp/crti.o
LOAD C:/ST/STM32CubeIDE_1.16.1/STM32CubeIDE/plugins/com.st.stm32cube.ide.mcu.externaltools.gnu-tools-for-stm32.12.3.rel1.win32_1.0.200.202406191623/tools/bin/../lib/gcc/arm-none-eabi/12.3.1/thumb/v7-m/nofp/crtbegin.o
LOAD C:/ST/STM32CubeIDE_1.16.1/STM32CubeIDE/plugins/com.st.stm32cube.ide.mcu.externaltools.gnu-tools-for-stm32.12.3.rel1.win32_1.0.200.202406191623/tools/bin/../lib/gcc/arm-none-eabi/12.3.1/../../../../arm-none-eabi/lib/thumb/v7-m/nofp/crt0.o
LOAD ./Core/Src/Button.o
LOAD ./Core/Src/SCH_global.o
LOAD ./Core/Src/blinky_4led.o
LOAD ./Core/Src/fsm_automatic.o
LOAD ./Core/Src/fsm_manual.o
LOAD ./Core/Src/global.o
LOAD ./Core/Src/led.o
LOAD ./Core/Src/main.o
LOAD ./Core/Src/seven_segment.o
LOAD ./Core/Src/software_timer.o
LOAD ./Core/Src/stm32f1xx_hal_msp.o
LOAD ./Core/Src/stm32f1xx_it.o
LOAD ./Core/Src/syscalls.o
LOAD ./Core/Src/sysmem.o
LOAD ./Core/Src/system_stm32f1xx.o
LOAD ./Core/Startup/startup_stm32f103c6ux.o
LOAD ./Drivers/STM32F1xx_HAL_Driver/Src/stm32f1xx_hal.o
LOAD ./Drivers/STM32F1xx_HAL_Driver/Src/stm32f1xx_hal_cortex.o
LOAD ./Drivers/STM32F1xx_HAL_Driver/Src/stm32f1xx_hal_dma.o
LOAD ./Drivers/STM32F1xx_HAL_Driver/Src/stm32f1xx_hal_exti.o
LOAD ./Drivers/STM32F1xx_HAL_Driver/Src/stm32f1xx_hal_flash.o
LOAD ./Drivers/STM32F1xx_HAL_Driver/Src/stm32f1xx_hal_flash_ex.o
LOAD ./Drivers/STM32F1xx_HAL_Driver/Src/stm32f1xx_hal_gpio.o
LOAD ./Drivers/STM32F1xx_HAL_Driver/Src/stm32f1xx_hal_gpio_ex.o
LOAD ./Drivers/STM32F1xx_HAL_Driver/Src/stm32f1xx_hal_pwr.o
LOAD ./Drivers/STM32F1xx_HAL_Driver/Src/stm32f1xx_hal_rcc.o
LOAD ./Drivers/STM32F1xx_HAL_Driver/Src/stm32f1xx_hal_rcc_ex.o
LOAD ./Drivers/STM32F1xx_HAL_Driver/Src/stm32f1xx_hal_tim.o
LOAD ./Drivers/STM32F1xx_HAL_Driver/Src/stm32f1xx_hal_tim_ex.o
START GROUP
LOAD C:/ST/STM32CubeIDE_1.16.1/STM32CubeIDE/plugins/com.st.stm32cube.ide.mcu.externaltools.gnu-tools-for-stm32.12.3.rel1.win32_1.0.200.202406191623/tools/bin/../lib/gcc/arm-none-eabi/12.3.1/../../../../arm-none-eabi/lib/thumb/v7-m/nofp\libc_nano.a
LOAD C:/ST/STM32CubeIDE_1.16.1/STM32CubeIDE/plugins/com.st.stm32cube.ide.mcu.externaltools.gnu-tools-for-stm32.12.3.rel1.win32_1.0.200.202406191623/tools/bin/../lib/gcc/arm-none-eabi/12.3.1/../../../../arm-none-eabi/lib/thumb/v7-m/nofp\libm.a
END GROUP
START GROUP
LOAD C:/ST/STM32CubeIDE_1.16.1/STM32CubeIDE/plugins/com.st.stm32cube.ide.mcu.externaltools.gnu-tools-for-stm32.12.3.rel1.win32_1.0.200.202406191623/tools/bin/../lib/gcc/arm-none-eabi/12.3.1/thumb/v7-m/nofp\libgcc.a
LOAD C:/ST/STM32CubeIDE_1.16.1/STM32CubeIDE/plugins/com.st.stm32cube.ide.mcu.externaltools.gnu-tools-for-stm32.12.3.rel1.win32_1.0.200.202406191623/tools/bin/../lib/gcc/arm-none-eabi/12.3.1/../../../../arm-none-eabi/lib/thumb/v7-m/nofp\libc_nano.a
END GROUP
START GROUP
LOAD C:/ST/STM32CubeIDE_1.16.1/STM32CubeIDE/plugins/com.st.stm32cube.ide.mcu.externaltools.gnu-tools-for-stm32.12.3.rel1.win32_1.0.200.202406191623/tools/bin/../lib/gcc/arm-none-eabi/12.3.1/thumb/v7-m/nofp\libgcc.a
LOAD C:/ST/STM32CubeIDE_1.16.1/STM32CubeIDE/plugins/com.st.stm32cube.ide.mcu.externaltools.gnu-tools-for-stm32.12.3.rel1.win32_1.0.200.202406191623/tools/bin/../lib/gcc/arm-none-eabi/12.3.1/../../../../arm-none-eabi/lib/thumb/v7-m/nofp\libc_nano.a
LOAD C:/ST/STM32CubeIDE_1.16.1/STM32CubeIDE/plugins/com.st.stm32cube.ide.mcu.externaltools.gnu-tools-for-stm32.12.3.rel1.win32_1.0.200.202406191623/tools/bin/../lib/gcc/arm-none-eabi/12.3.1/../../../../arm-none-eabi/lib/thumb/v7-m/nofp\libnosys.a
END GROUP
START GROUP
LOAD C:/ST/STM32CubeIDE_1.16.1/STM32CubeIDE/plugins/com.st.stm32cube.ide.mcu.externaltools.gnu-tools-for-stm32.12.3.rel1.win32_1.0.200.202406191623/tools/bin/../lib/gcc/arm-none-eabi/12.3.1/thumb/v7-m/nofp\libgcc.a
LOAD C:/ST/STM32CubeIDE_1.16.1/STM32CubeIDE/plugins/com.st.stm32cube.ide.mcu.externaltools.gnu-tools-for-stm32.12.3.rel1.win32_1.0.200.202406191623/tools/bin/../lib/gcc/arm-none-eabi/12.3.1/../../../../arm-none-eabi/lib/thumb/v7-m/nofp\libc_nano.a
LOAD C:/ST/STM32CubeIDE_1.16.1/STM32CubeIDE/plugins/com.st.stm32cube.ide.mcu.externaltools.gnu-tools-for-stm32.12.3.rel1.win32_1.0.200.202406191623/tools/bin/../lib/gcc/arm-none-eabi/12.3.1/../../../../arm-none-eabi/lib/thumb/v7-m/nofp\libnosys.a
END GROUP
LOAD C:/ST/STM32CubeIDE_1.16.1/STM32CubeIDE/plugins/com.st.stm32cube.ide.mcu.externaltools.gnu-tools-for-stm32.12.3.rel1.win32_1.0.200.202406191623/tools/bin/../lib/gcc/arm-none-eabi/12.3.1/thumb/v7-m/nofp/crtend.o
LOAD C:/ST/STM32CubeIDE_1.16.1/STM32CubeIDE/plugins/com.st.stm32cube.ide.mcu.externaltools.gnu-tools-for-stm32.12.3.rel1.win32_1.0.200.202406191623/tools/bin/../lib/gcc/arm-none-eabi/12.3.1/thumb/v7-m/nofp/crtn.o
                0x20002800                        _estack = (ORIGIN (RAM) + LENGTH (RAM))
                0x00000200                        _Min_Heap_Size = 0x200
                0x00000400                        _Min_Stack_Size = 0x400

.isr_vector     0x08000000      0x10c
                0x08000000                        . = ALIGN (0x4)
 *(.isr_vector)
 .isr_vector    0x08000000      0x10c ./Core/Startup/startup_stm32f103c6ux.o
                0x08000000                g_pfnVectors
                0x0800010c                        . = ALIGN (0x4)

.text           0x0800010c     0x2de8
                0x0800010c                        . = ALIGN (0x4)
 *(.text)
 .text          0x0800010c       0x40 C:/ST/STM32CubeIDE_1.16.1/STM32CubeIDE/plugins/com.st.stm32cube.ide.mcu.externaltools.gnu-tools-for-stm32.12.3.rel1.win32_1.0.200.202406191623/tools/bin/../lib/gcc/arm-none-eabi/12.3.1/thumb/v7-m/nofp/crtbegin.o
 *(.text*)
 .text.isButton1Pressed
                0x0800014c       0x24 ./Core/Src/Button.o
                0x0800014c                isButton1Pressed
 .text.isButton2Pressed
                0x08000170       0x24 ./Core/Src/Button.o
                0x08000170                isButton2Pressed
 .text.isButton3Pressed
                0x08000194       0x24 ./Core/Src/Button.o
                0x08000194                isButton3Pressed
 .text.subKeyProcess1
                0x080001b8       0x18 ./Core/Src/Button.o
                0x080001b8                subKeyProcess1
 .text.subKeyProcess2
                0x080001d0       0x18 ./Core/Src/Button.o
                0x080001d0                subKeyProcess2
 .text.subKeyProcess3
                0x080001e8       0x18 ./Core/Src/Button.o
                0x080001e8                subKeyProcess3
 .text.getKeyInput1
                0x08000200       0x78 ./Core/Src/Button.o
                0x08000200                getKeyInput1
 .text.getKeyInput2
                0x08000278       0x78 ./Core/Src/Button.o
                0x08000278                getKeyInput2
 .text.getKeyInput3
                0x080002f0       0x78 ./Core/Src/Button.o
                0x080002f0                getKeyInput3
 .text.SCH_Add_Task
                0x08000368       0xa4 ./Core/Src/SCH_global.o
                0x08000368                SCH_Add_Task
 .text.reset7Led
                0x0800040c       0x34 ./Core/Src/blinky_4led.o
                0x0800040c                reset7Led
 .text.blinky4led
                0x08000440       0xf8 ./Core/Src/blinky_4led.o
                0x08000440                blinky4led
 .text.updateDisplayClock
                0x08000538       0x98 ./Core/Src/blinky_4led.o
                0x08000538                updateDisplayClock
 .text.updateManualClock
                0x080005d0       0x68 ./Core/Src/blinky_4led.o
                0x080005d0                updateManualClock
 .text.realTimeClock
                0x08000638       0x70 ./Core/Src/blinky_4led.o
                0x08000638                realTimeClock
 .text.displayClock
                0x080006a8       0x5c ./Core/Src/blinky_4led.o
                0x080006a8                displayClock
 .text.fsm_automatic_run
                0x08000704      0x294 ./Core/Src/fsm_automatic.o
                0x08000704                fsm_automatic_run
 .text.fsm_manual_run
                0x08000998      0x5a4 ./Core/Src/fsm_manual.o
                0x08000998                fsm_manual_run
 .text.red1_on  0x08000f3c       0x18 ./Core/Src/led.o
                0x08000f3c                red1_on
 .text.red1_off
                0x08000f54       0x18 ./Core/Src/led.o
                0x08000f54                red1_off
 .text.red2_on  0x08000f6c       0x18 ./Core/Src/led.o
                0x08000f6c                red2_on
 .text.red2_off
                0x08000f84       0x18 ./Core/Src/led.o
                0x08000f84                red2_off
 .text.yellow1_on
                0x08000f9c       0x18 ./Core/Src/led.o
                0x08000f9c                yellow1_on
 .text.yellow1_off
                0x08000fb4       0x18 ./Core/Src/led.o
                0x08000fb4                yellow1_off
 .text.yellow2_on
                0x08000fcc       0x18 ./Core/Src/led.o
                0x08000fcc                yellow2_on
 .text.yellow2_off
                0x08000fe4       0x18 ./Core/Src/led.o
                0x08000fe4                yellow2_off
 .text.green1_on
                0x08000ffc       0x18 ./Core/Src/led.o
                0x08000ffc                green1_on
 .text.green1_off
                0x08001014       0x18 ./Core/Src/led.o
                0x08001014                green1_off
 .text.green2_on
                0x0800102c       0x18 ./Core/Src/led.o
                0x0800102c                green2_on
 .text.green2_off
                0x08001044       0x18 ./Core/Src/led.o
                0x08001044                green2_off
 .text.main     0x0800105c       0x70 ./Core/Src/main.o
                0x0800105c                main
 .text.SystemClock_Config
                0x080010cc       0x76 ./Core/Src/main.o
                0x080010cc                SystemClock_Config
 *fill*         0x08001142        0x2 
 .text.MX_TIM2_Init
                0x08001144       0x98 ./Core/Src/main.o
 .text.MX_GPIO_Init
                0x080011dc       0xd8 ./Core/Src/main.o
 .text.HAL_TIM_PeriodElapsedCallback
                0x080012b4       0x20 ./Core/Src/main.o
                0x080012b4                HAL_TIM_PeriodElapsedCallback
 .text.Error_Handler
                0x080012d4        0xc ./Core/Src/main.o
                0x080012d4                Error_Handler
 .text.display7SEG
                0x080012e0      0x38c ./Core/Src/seven_segment.o
                0x080012e0                display7SEG
 .text.setTimer1
                0x0800166c       0x28 ./Core/Src/software_timer.o
                0x0800166c                setTimer1
 .text.setTimer2
                0x08001694       0x28 ./Core/Src/software_timer.o
                0x08001694                setTimer2
 .text.setTimer3
                0x080016bc       0x28 ./Core/Src/software_timer.o
                0x080016bc                setTimer3
 .text.timerRun
                0x080016e4       0x84 ./Core/Src/software_timer.o
                0x080016e4                timerRun
 .text.HAL_MspInit
                0x08001768       0x64 ./Core/Src/stm32f1xx_hal_msp.o
                0x08001768                HAL_MspInit
 .text.HAL_TIM_Base_MspInit
                0x080017cc       0x48 ./Core/Src/stm32f1xx_hal_msp.o
                0x080017cc                HAL_TIM_Base_MspInit
 .text.NMI_Handler
                0x08001814        0x8 ./Core/Src/stm32f1xx_it.o
                0x08001814                NMI_Handler
 .text.HardFault_Handler
                0x0800181c        0x8 ./Core/Src/stm32f1xx_it.o
                0x0800181c                HardFault_Handler
 .text.MemManage_Handler
                0x08001824        0x8 ./Core/Src/stm32f1xx_it.o
                0x08001824                MemManage_Handler
 .text.BusFault_Handler
                0x0800182c        0x8 ./Core/Src/stm32f1xx_it.o
                0x0800182c                BusFault_Handler
 .text.UsageFault_Handler
                0x08001834        0x8 ./Core/Src/stm32f1xx_it.o
                0x08001834                UsageFault_Handler
 .text.SVC_Handler
                0x0800183c        0xc ./Core/Src/stm32f1xx_it.o
                0x0800183c                SVC_Handler
 .text.DebugMon_Handler
                0x08001848        0xc ./Core/Src/stm32f1xx_it.o
                0x08001848                DebugMon_Handler
 .text.PendSV_Handler
                0x08001854        0xc ./Core/Src/stm32f1xx_it.o
                0x08001854                PendSV_Handler
 .text.SysTick_Handler
                0x08001860        0xc ./Core/Src/stm32f1xx_it.o
                0x08001860                SysTick_Handler
 .text.TIM2_IRQHandler
                0x0800186c       0x14 ./Core/Src/stm32f1xx_it.o
                0x0800186c                TIM2_IRQHandler
 .text.SystemInit
                0x08001880        0xc ./Core/Src/system_stm32f1xx.o
                0x08001880                SystemInit
 .text.Reset_Handler
                0x0800188c       0x48 ./Core/Startup/startup_stm32f103c6ux.o
                0x0800188c                Reset_Handler
 .text.Default_Handler
                0x080018d4        0x2 ./Core/Startup/startup_stm32f103c6ux.o
                0x080018d4                RTC_Alarm_IRQHandler
                0x080018d4                EXTI2_IRQHandler
                0x080018d4                TIM1_CC_IRQHandler
                0x080018d4                PVD_IRQHandler
                0x080018d4                EXTI3_IRQHandler
                0x080018d4                EXTI0_IRQHandler
                0x080018d4                ADC1_2_IRQHandler
                0x080018d4                SPI1_IRQHandler
                0x080018d4                TAMPER_IRQHandler
                0x080018d4                DMA1_Channel4_IRQHandler
                0x080018d4                RTC_IRQHandler
                0x080018d4                DMA1_Channel7_IRQHandler
                0x080018d4                CAN1_RX1_IRQHandler
                0x080018d4                I2C1_EV_IRQHandler
                0x080018d4                DMA1_Channel6_IRQHandler
                0x080018d4                TIM3_IRQHandler
                0x080018d4                RCC_IRQHandler
                0x080018d4                TIM1_TRG_COM_IRQHandler
                0x080018d4                DMA1_Channel1_IRQHandler
                0x080018d4                Default_Handler
                0x080018d4                EXTI15_10_IRQHandler
                0x080018d4                EXTI9_5_IRQHandler
                0x080018d4                DMA1_Channel5_IRQHandler
                0x080018d4                EXTI4_IRQHandler
                0x080018d4                USB_LP_CAN1_RX0_IRQHandler
                0x080018d4                USB_HP_CAN1_TX_IRQHandler
                0x080018d4                DMA1_Channel3_IRQHandler
                0x080018d4                TIM1_UP_IRQHandler
                0x080018d4                WWDG_IRQHandler
                0x080018d4                TIM1_BRK_IRQHandler
                0x080018d4                EXTI1_IRQHandler
                0x080018d4                USART2_IRQHandler
                0x080018d4                DMA1_Channel2_IRQHandler
                0x080018d4                CAN1_SCE_IRQHandler
                0x080018d4                FLASH_IRQHandler
                0x080018d4                USART1_IRQHandler
                0x080018d4                I2C1_ER_IRQHandler
                0x080018d4                USBWakeUp_IRQHandler
 *fill*         0x080018d6        0x2 
 .text.HAL_Init
                0x080018d8       0x2c ./Drivers/STM32F1xx_HAL_Driver/Src/stm32f1xx_hal.o
                0x080018d8                HAL_Init
 .text.HAL_InitTick
                0x08001904       0x60 ./Drivers/STM32F1xx_HAL_Driver/Src/stm32f1xx_hal.o
                0x08001904                HAL_InitTick
 .text.HAL_IncTick
                0x08001964       0x24 ./Drivers/STM32F1xx_HAL_Driver/Src/stm32f1xx_hal.o
                0x08001964                HAL_IncTick
 .text.HAL_GetTick
                0x08001988       0x14 ./Drivers/STM32F1xx_HAL_Driver/Src/stm32f1xx_hal.o
                0x08001988                HAL_GetTick
 .text.__NVIC_SetPriorityGrouping
                0x0800199c       0x48 ./Drivers/STM32F1xx_HAL_Driver/Src/stm32f1xx_hal_cortex.o
 .text.__NVIC_GetPriorityGrouping
                0x080019e4       0x1c ./Drivers/STM32F1xx_HAL_Driver/Src/stm32f1xx_hal_cortex.o
 .text.__NVIC_EnableIRQ
                0x08001a00       0x38 ./Drivers/STM32F1xx_HAL_Driver/Src/stm32f1xx_hal_cortex.o
 .text.__NVIC_SetPriority
                0x08001a38       0x54 ./Drivers/STM32F1xx_HAL_Driver/Src/stm32f1xx_hal_cortex.o
 .text.NVIC_EncodePriority
                0x08001a8c       0x64 ./Drivers/STM32F1xx_HAL_Driver/Src/stm32f1xx_hal_cortex.o
 .text.SysTick_Config
                0x08001af0       0x44 ./Drivers/STM32F1xx_HAL_Driver/Src/stm32f1xx_hal_cortex.o
 .text.HAL_NVIC_SetPriorityGrouping
                0x08001b34       0x16 ./Drivers/STM32F1xx_HAL_Driver/Src/stm32f1xx_hal_cortex.o
                0x08001b34                HAL_NVIC_SetPriorityGrouping
 .text.HAL_NVIC_SetPriority
                0x08001b4a       0x38 ./Drivers/STM32F1xx_HAL_Driver/Src/stm32f1xx_hal_cortex.o
                0x08001b4a                HAL_NVIC_SetPriority
 .text.HAL_NVIC_EnableIRQ
                0x08001b82       0x1c ./Drivers/STM32F1xx_HAL_Driver/Src/stm32f1xx_hal_cortex.o
                0x08001b82                HAL_NVIC_EnableIRQ
 .text.HAL_SYSTICK_Config
                0x08001b9e       0x18 ./Drivers/STM32F1xx_HAL_Driver/Src/stm32f1xx_hal_cortex.o
                0x08001b9e                HAL_SYSTICK_Config
 *fill*         0x08001bb6        0x2 
 .text.HAL_GPIO_Init
                0x08001bb8      0x2f8 ./Drivers/STM32F1xx_HAL_Driver/Src/stm32f1xx_hal_gpio.o
                0x08001bb8                HAL_GPIO_Init
 .text.HAL_GPIO_ReadPin
                0x08001eb0       0x2e ./Drivers/STM32F1xx_HAL_Driver/Src/stm32f1xx_hal_gpio.o
                0x08001eb0                HAL_GPIO_ReadPin
 .text.HAL_GPIO_WritePin
                0x08001ede       0x30 ./Drivers/STM32F1xx_HAL_Driver/Src/stm32f1xx_hal_gpio.o
                0x08001ede                HAL_GPIO_WritePin
 *fill*         0x08001f0e        0x2 
 .text.HAL_RCC_OscConfig
                0x08001f10      0x504 ./Drivers/STM32F1xx_HAL_Driver/Src/stm32f1xx_hal_rcc.o
                0x08001f10                HAL_RCC_OscConfig
 .text.HAL_RCC_ClockConfig
                0x08002414      0x1d4 ./Drivers/STM32F1xx_HAL_Driver/Src/stm32f1xx_hal_rcc.o
                0x08002414                HAL_RCC_ClockConfig
 .text.HAL_RCC_GetSysClockFreq
                0x080025e8       0xa8 ./Drivers/STM32F1xx_HAL_Driver/Src/stm32f1xx_hal_rcc.o
                0x080025e8                HAL_RCC_GetSysClockFreq
 .text.RCC_Delay
                0x08002690       0x3c ./Drivers/STM32F1xx_HAL_Driver/Src/stm32f1xx_hal_rcc.o
 .text.HAL_TIM_Base_Init
                0x080026cc       0x9e ./Drivers/STM32F1xx_HAL_Driver/Src/stm32f1xx_hal_tim.o
                0x080026cc                HAL_TIM_Base_Init
 *fill*         0x0800276a        0x2 
 .text.HAL_TIM_Base_Start_IT
                0x0800276c       0x98 ./Drivers/STM32F1xx_HAL_Driver/Src/stm32f1xx_hal_tim.o
                0x0800276c                HAL_TIM_Base_Start_IT
 .text.HAL_TIM_IRQHandler
                0x08002804      0x1e0 ./Drivers/STM32F1xx_HAL_Driver/Src/stm32f1xx_hal_tim.o
                0x08002804                HAL_TIM_IRQHandler
 .text.HAL_TIM_ConfigClockSource
                0x080029e4      0x18e ./Drivers/STM32F1xx_HAL_Driver/Src/stm32f1xx_hal_tim.o
                0x080029e4                HAL_TIM_ConfigClockSource
 .text.HAL_TIM_OC_DelayElapsedCallback
                0x08002b72       0x12 ./Drivers/STM32F1xx_HAL_Driver/Src/stm32f1xx_hal_tim.o
                0x08002b72                HAL_TIM_OC_DelayElapsedCallback
 .text.HAL_TIM_IC_CaptureCallback
                0x08002b84       0x12 ./Drivers/STM32F1xx_HAL_Driver/Src/stm32f1xx_hal_tim.o
                0x08002b84                HAL_TIM_IC_CaptureCallback
 .text.HAL_TIM_PWM_PulseFinishedCallback
                0x08002b96       0x12 ./Drivers/STM32F1xx_HAL_Driver/Src/stm32f1xx_hal_tim.o
                0x08002b96                HAL_TIM_PWM_PulseFinishedCallback
 .text.HAL_TIM_TriggerCallback
                0x08002ba8       0x12 ./Drivers/STM32F1xx_HAL_Driver/Src/stm32f1xx_hal_tim.o
                0x08002ba8                HAL_TIM_TriggerCallback
 *fill*         0x08002bba        0x2 
 .text.TIM_Base_SetConfig
                0x08002bbc       0xc8 ./Drivers/STM32F1xx_HAL_Driver/Src/stm32f1xx_hal_tim.o
                0x08002bbc                TIM_Base_SetConfig
 .text.TIM_TI1_ConfigInputStage
                0x08002c84       0x5c ./Drivers/STM32F1xx_HAL_Driver/Src/stm32f1xx_hal_tim.o
 .text.TIM_TI2_ConfigInputStage
                0x08002ce0       0x5e ./Drivers/STM32F1xx_HAL_Driver/Src/stm32f1xx_hal_tim.o
 .text.TIM_ITRx_SetConfig
                0x08002d3e       0x34 ./Drivers/STM32F1xx_HAL_Driver/Src/stm32f1xx_hal_tim.o
 .text.TIM_ETR_SetConfig
                0x08002d72       0x3e ./Drivers/STM32F1xx_HAL_Driver/Src/stm32f1xx_hal_tim.o
                0x08002d72                TIM_ETR_SetConfig
 .text.HAL_TIMEx_MasterConfigSynchronization
                0x08002db0       0xb0 ./Drivers/STM32F1xx_HAL_Driver/Src/stm32f1xx_hal_tim_ex.o
                0x08002db0                HAL_TIMEx_MasterConfigSynchronization
 .text.HAL_TIMEx_CommutCallback
                0x08002e60       0x12 ./Drivers/STM32F1xx_HAL_Driver/Src/stm32f1xx_hal_tim_ex.o
                0x08002e60                HAL_TIMEx_CommutCallback
 .text.HAL_TIMEx_BreakCallback
                0x08002e72       0x12 ./Drivers/STM32F1xx_HAL_Driver/Src/stm32f1xx_hal_tim_ex.o
                0x08002e72                HAL_TIMEx_BreakCallback
 .text.memset   0x08002e84       0x10 C:/ST/STM32CubeIDE_1.16.1/STM32CubeIDE/plugins/com.st.stm32cube.ide.mcu.externaltools.gnu-tools-for-stm32.12.3.rel1.win32_1.0.200.202406191623/tools/bin/../lib/gcc/arm-none-eabi/12.3.1/../../../../arm-none-eabi/lib/thumb/v7-m/nofp\libc_nano.a(libc_a-memset.o)
                0x08002e84                memset
 .text.__libc_init_array
                0x08002e94       0x48 C:/ST/STM32CubeIDE_1.16.1/STM32CubeIDE/plugins/com.st.stm32cube.ide.mcu.externaltools.gnu-tools-for-stm32.12.3.rel1.win32_1.0.200.202406191623/tools/bin/../lib/gcc/arm-none-eabi/12.3.1/../../../../arm-none-eabi/lib/thumb/v7-m/nofp\libc_nano.a(libc_a-init.o)
                0x08002e94                __libc_init_array
 *(.glue_7)
 .glue_7        0x08002edc        0x0 linker stubs
 *(.glue_7t)
 .glue_7t       0x08002edc        0x0 linker stubs
 *(.eh_frame)
 .eh_frame      0x08002edc        0x0 C:/ST/STM32CubeIDE_1.16.1/STM32CubeIDE/plugins/com.st.stm32cube.ide.mcu.externaltools.gnu-tools-for-stm32.12.3.rel1.win32_1.0.200.202406191623/tools/bin/../lib/gcc/arm-none-eabi/12.3.1/thumb/v7-m/nofp/crtbegin.o
 *(.init)
 .init          0x08002edc        0x4 C:/ST/STM32CubeIDE_1.16.1/STM32CubeIDE/plugins/com.st.stm32cube.ide.mcu.externaltools.gnu-tools-for-stm32.12.3.rel1.win32_1.0.200.202406191623/tools/bin/../lib/gcc/arm-none-eabi/12.3.1/thumb/v7-m/nofp/crti.o
                0x08002edc                _init
 .init          0x08002ee0        0x8 C:/ST/STM32CubeIDE_1.16.1/STM32CubeIDE/plugins/com.st.stm32cube.ide.mcu.externaltools.gnu-tools-for-stm32.12.3.rel1.win32_1.0.200.202406191623/tools/bin/../lib/gcc/arm-none-eabi/12.3.1/thumb/v7-m/nofp/crtn.o
 *(.fini)
 .fini          0x08002ee8        0x4 C:/ST/STM32CubeIDE_1.16.1/STM32CubeIDE/plugins/com.st.stm32cube.ide.mcu.externaltools.gnu-tools-for-stm32.12.3.rel1.win32_1.0.200.202406191623/tools/bin/../lib/gcc/arm-none-eabi/12.3.1/thumb/v7-m/nofp/crti.o
                0x08002ee8                _fini
 .fini          0x08002eec        0x8 C:/ST/STM32CubeIDE_1.16.1/STM32CubeIDE/plugins/com.st.stm32cube.ide.mcu.externaltools.gnu-tools-for-stm32.12.3.rel1.win32_1.0.200.202406191623/tools/bin/../lib/gcc/arm-none-eabi/12.3.1/thumb/v7-m/nofp/crtn.o
                0x08002ef4                        . = ALIGN (0x4)
                0x08002ef4                        _etext = .

.vfp11_veneer   0x08002ef4        0x0
 .vfp11_veneer  0x08002ef4        0x0 linker stubs

.v4_bx          0x08002ef4        0x0
 .v4_bx         0x08002ef4        0x0 linker stubs

.iplt           0x08002ef4        0x0
 .iplt          0x08002ef4        0x0 C:/ST/STM32CubeIDE_1.16.1/STM32CubeIDE/plugins/com.st.stm32cube.ide.mcu.externaltools.gnu-tools-for-stm32.12.3.rel1.win32_1.0.200.202406191623/tools/bin/../lib/gcc/arm-none-eabi/12.3.1/thumb/v7-m/nofp/crtbegin.o

.rodata         0x08002ef4       0x24
                0x08002ef4                        . = ALIGN (0x4)
 *(.rodata)
 *(.rodata*)
 .rodata.AHBPrescTable
                0x08002ef4       0x10 ./Core/Src/system_stm32f1xx.o
                0x08002ef4                AHBPrescTable
 .rodata.aPLLMULFactorTable.1
                0x08002f04       0x10 ./Drivers/STM32F1xx_HAL_Driver/Src/stm32f1xx_hal_rcc.o
 .rodata.aPredivFactorTable.0
                0x08002f14        0x2 ./Drivers/STM32F1xx_HAL_Driver/Src/stm32f1xx_hal_rcc.o
                0x08002f18                        . = ALIGN (0x4)
 *fill*         0x08002f16        0x2 

.ARM.extab      0x08002f18        0x0
                0x08002f18                        . = ALIGN (0x4)
 *(.ARM.extab* .gnu.linkonce.armextab.*)
                0x08002f18                        . = ALIGN (0x4)

.ARM            0x08002f18        0x0
                0x08002f18                        . = ALIGN (0x4)
                0x08002f18                        __exidx_start = .
 *(.ARM.exidx*)
                0x08002f18                        __exidx_end = .
                0x08002f18                        . = ALIGN (0x4)

.preinit_array  0x08002f18        0x0
                0x08002f18                        . = ALIGN (0x4)
                0x08002f18                        PROVIDE (__preinit_array_start = .)
 *(.preinit_array*)
                0x08002f18                        PROVIDE (__preinit_array_end = .)
                0x08002f18                        . = ALIGN (0x4)

.init_array     0x08002f18        0x4
                0x08002f18                        . = ALIGN (0x4)
                0x08002f18                        PROVIDE (__init_array_start = .)
 *(SORT_BY_NAME(.init_array.*))
 *(.init_array*)
 .init_array    0x08002f18        0x4 C:/ST/STM32CubeIDE_1.16.1/STM32CubeIDE/plugins/com.st.stm32cube.ide.mcu.externaltools.gnu-tools-for-stm32.12.3.rel1.win32_1.0.200.202406191623/tools/bin/../lib/gcc/arm-none-eabi/12.3.1/thumb/v7-m/nofp/crtbegin.o
                0x08002f1c                        PROVIDE (__init_array_end = .)
                0x08002f1c                        . = ALIGN (0x4)

.fini_array     0x08002f1c        0x4
                0x08002f1c                        . = ALIGN (0x4)
                [!provide]                        PROVIDE (__fini_array_start = .)
 *(SORT_BY_NAME(.fini_array.*))
 *(.fini_array*)
 .fini_array    0x08002f1c        0x4 C:/ST/STM32CubeIDE_1.16.1/STM32CubeIDE/plugins/com.st.stm32cube.ide.mcu.externaltools.gnu-tools-for-stm32.12.3.rel1.win32_1.0.200.202406191623/tools/bin/../lib/gcc/arm-none-eabi/12.3.1/thumb/v7-m/nofp/crtbegin.o
                [!provide]                        PROVIDE (__fini_array_end = .)
                0x08002f20                        . = ALIGN (0x4)
                0x08002f20                        _sidata = LOADADDR (.data)

.rel.dyn        0x08002f20        0x0
 .rel.iplt      0x08002f20        0x0 C:/ST/STM32CubeIDE_1.16.1/STM32CubeIDE/plugins/com.st.stm32cube.ide.mcu.externaltools.gnu-tools-for-stm32.12.3.rel1.win32_1.0.200.202406191623/tools/bin/../lib/gcc/arm-none-eabi/12.3.1/thumb/v7-m/nofp/crtbegin.o

.data           0x20000000       0x78 load address 0x08002f20
                0x20000000                        . = ALIGN (0x4)
                0x20000000                        _sdata = .
 *(.data)
 *(.data*)
 .data.KeyReg0_1
                0x20000000        0x4 ./Core/Src/Button.o
                0x20000000                KeyReg0_1
 .data.KeyReg1_1
                0x20000004        0x4 ./Core/Src/Button.o
                0x20000004                KeyReg1_1
 .data.KeyReg2_1
                0x20000008        0x4 ./Core/Src/Button.o
                0x20000008                KeyReg2_1
 .data.KeyReg0_2
                0x2000000c        0x4 ./Core/Src/Button.o
                0x2000000c                KeyReg0_2
 .data.KeyReg1_2
                0x20000010        0x4 ./Core/Src/Button.o
                0x20000010                KeyReg1_2
 .data.KeyReg2_2
                0x20000014        0x4 ./Core/Src/Button.o
                0x20000014                KeyReg2_2
 .data.KeyReg0_3
                0x20000018        0x4 ./Core/Src/Button.o
                0x20000018                KeyReg0_3
 .data.KeyReg1_3
                0x2000001c        0x4 ./Core/Src/Button.o
                0x2000001c                KeyReg1_3
 .data.KeyReg2_3
                0x20000020        0x4 ./Core/Src/Button.o
                0x20000020                KeyReg2_3
 .data.KeyReg3_1
                0x20000024        0x4 ./Core/Src/Button.o
                0x20000024                KeyReg3_1
 .data.KeyReg3_2
                0x20000028        0x4 ./Core/Src/Button.o
                0x20000028                KeyReg3_2
 .data.KeyReg3_3
                0x2000002c        0x4 ./Core/Src/Button.o
                0x2000002c                KeyReg3_3
 .data.clockBuffer
                0x20000030       0x10 ./Core/Src/blinky_4led.o
                0x20000030                clockBuffer
 .data.clock_status
                0x20000040        0x4 ./Core/Src/global.o
                0x20000040                clock_status
 .data.duration_road1
                0x20000044        0x4 ./Core/Src/global.o
                0x20000044                duration_road1
 .data.duration_road2
                0x20000048        0x4 ./Core/Src/global.o
                0x20000048                duration_road2
 .data.duration_current
                0x2000004c        0x4 ./Core/Src/global.o
                0x2000004c                duration_current
 .data.duration_red
                0x20000050        0x4 ./Core/Src/global.o
                0x20000050                duration_red
 .data.duration_yellow
                0x20000054        0x4 ./Core/Src/global.o
                0x20000054                duration_yellow
 .data.duration_green
                0x20000058        0x4 ./Core/Src/global.o
                0x20000058                duration_green
 .data.duration_blinky
                0x2000005c        0x4 ./Core/Src/global.o
                0x2000005c                duration_blinky
 .data.SEG2_status
                0x20000060        0x4 ./Core/Src/global.o
                0x20000060                SEG2_status
 .data.SEG3_status
                0x20000064        0x4 ./Core/Src/global.o
                0x20000064                SEG3_status
 .data.SEG4_status
                0x20000068        0x4 ./Core/Src/global.o
                0x20000068                SEG4_status
 .data.SystemCoreClock
                0x2000006c        0x4 ./Core/Src/system_stm32f1xx.o
                0x2000006c                SystemCoreClock
 .data.uwTickPrio
                0x20000070        0x4 ./Drivers/STM32F1xx_HAL_Driver/Src/stm32f1xx_hal.o
                0x20000070                uwTickPrio
 .data.uwTickFreq
                0x20000074        0x1 ./Drivers/STM32F1xx_HAL_Driver/Src/stm32f1xx_hal.o
                0x20000074                uwTickFreq
 *(.RamFunc)
 *(.RamFunc*)
                0x20000078                        . = ALIGN (0x4)
 *fill*         0x20000075        0x3 
                0x20000078                        _edata = .

.igot.plt       0x20000078        0x0 load address 0x08002f98
 .igot.plt      0x20000078        0x0 C:/ST/STM32CubeIDE_1.16.1/STM32CubeIDE/plugins/com.st.stm32cube.ide.mcu.externaltools.gnu-tools-for-stm32.12.3.rel1.win32_1.0.200.202406191623/tools/bin/../lib/gcc/arm-none-eabi/12.3.1/thumb/v7-m/nofp/crtbegin.o
                0x20000078                        . = ALIGN (0x4)

.bss            0x20000078      0x3bc load address 0x08002f98
                0x20000078                        _sbss = .
                0x20000078                        __bss_start__ = _sbss
 *(.bss)
 .bss           0x20000078       0x1c C:/ST/STM32CubeIDE_1.16.1/STM32CubeIDE/plugins/com.st.stm32cube.ide.mcu.externaltools.gnu-tools-for-stm32.12.3.rel1.win32_1.0.200.202406191623/tools/bin/../lib/gcc/arm-none-eabi/12.3.1/thumb/v7-m/nofp/crtbegin.o
 *(.bss*)
 .bss.button_flag1
                0x20000094        0x4 ./Core/Src/Button.o
                0x20000094                button_flag1
 .bss.button_flag2
                0x20000098        0x4 ./Core/Src/Button.o
                0x20000098                button_flag2
 .bss.button_flag3
                0x2000009c        0x4 ./Core/Src/Button.o
                0x2000009c                button_flag3
 .bss.SCH_tasks_G
                0x200000a0      0x320 ./Core/Src/SCH_global.o
                0x200000a0                SCH_tasks_G
 .bss.Error_code_G
                0x200003c0        0x1 ./Core/Src/SCH_global.o
                0x200003c0                Error_code_G
 *fill*         0x200003c1        0x3 
 .bss.status    0x200003c4        0x4 ./Core/Src/global.o
                0x200003c4                status
 .bss.duration_add
                0x200003c8        0x4 ./Core/Src/global.o
                0x200003c8                duration_add
 .bss.SEG1_status
                0x200003cc        0x4 ./Core/Src/global.o
                0x200003cc                SEG1_status
 .bss.htim2     0x200003d0       0x48 ./Core/Src/main.o
                0x200003d0                htim2
 .bss.timer1_counter
                0x20000418        0x4 ./Core/Src/software_timer.o
                0x20000418                timer1_counter
 .bss.timer1_flag
                0x2000041c        0x4 ./Core/Src/software_timer.o
                0x2000041c                timer1_flag
 .bss.timer2_counter
                0x20000420        0x4 ./Core/Src/software_timer.o
                0x20000420                timer2_counter
 .bss.timer2_flag
                0x20000424        0x4 ./Core/Src/software_timer.o
                0x20000424                timer2_flag
 .bss.timer3_counter
                0x20000428        0x4 ./Core/Src/software_timer.o
                0x20000428                timer3_counter
 .bss.timer3_flag
                0x2000042c        0x4 ./Core/Src/software_timer.o
                0x2000042c                timer3_flag
 .bss.uwTick    0x20000430        0x4 ./Drivers/STM32F1xx_HAL_Driver/Src/stm32f1xx_hal.o
                0x20000430                uwTick
 *(COMMON)
                0x20000434                        . = ALIGN (0x4)
                0x20000434                        _ebss = .
                0x20000434                        __bss_end__ = _ebss

._user_heap_stack
                0x20000434      0x604 load address 0x08002f98
                0x20000438                        . = ALIGN (0x8)
 *fill*         0x20000434        0x4 
                [!provide]                        PROVIDE (end = .)
                0x20000438                        PROVIDE (_end = .)
                0x20000638                        . = (. + _Min_Heap_Size)
 *fill*         0x20000438      0x200 
                0x20000a38                        . = (. + _Min_Stack_Size)
 *fill*         0x20000638      0x400 
                0x20000a38                        . = ALIGN (0x8)

/DISCARD/
 libc.a(*)
 libm.a(*)
 libgcc.a(*)

.ARM.attributes
                0x00000000       0x29
 *(.ARM.attributes)
 .ARM.attributes
                0x00000000       0x1d C:/ST/STM32CubeIDE_1.16.1/STM32CubeIDE/plugins/com.st.stm32cube.ide.mcu.externaltools.gnu-tools-for-stm32.12.3.rel1.win32_1.0.200.202406191623/tools/bin/../lib/gcc/arm-none-eabi/12.3.1/thumb/v7-m/nofp/crti.o
 .ARM.attributes
                0x0000001d       0x2d C:/ST/STM32CubeIDE_1.16.1/STM32CubeIDE/plugins/com.st.stm32cube.ide.mcu.externaltools.gnu-tools-for-stm32.12.3.rel1.win32_1.0.200.202406191623/tools/bin/../lib/gcc/arm-none-eabi/12.3.1/thumb/v7-m/nofp/crtbegin.o
 .ARM.attributes
                0x0000004a       0x2d ./Core/Src/Button.o
 .ARM.attributes
                0x00000077       0x2d ./Core/Src/SCH_global.o
 .ARM.attributes
                0x000000a4       0x2d ./Core/Src/blinky_4led.o
 .ARM.attributes
                0x000000d1       0x2d ./Core/Src/fsm_automatic.o
 .ARM.attributes
                0x000000fe       0x2d ./Core/Src/fsm_manual.o
 .ARM.attributes
                0x0000012b       0x2d ./Core/Src/global.o
 .ARM.attributes
                0x00000158       0x2d ./Core/Src/led.o
 .ARM.attributes
                0x00000185       0x2d ./Core/Src/main.o
 .ARM.attributes
                0x000001b2       0x2d ./Core/Src/seven_segment.o
 .ARM.attributes
                0x000001df       0x2d ./Core/Src/software_timer.o
 .ARM.attributes
                0x0000020c       0x2d ./Core/Src/stm32f1xx_hal_msp.o
 .ARM.attributes
                0x00000239       0x2d ./Core/Src/stm32f1xx_it.o
 .ARM.attributes
                0x00000266       0x2d ./Core/Src/system_stm32f1xx.o
 .ARM.attributes
                0x00000293       0x21 ./Core/Startup/startup_stm32f103c6ux.o
 .ARM.attributes
                0x000002b4       0x2d ./Drivers/STM32F1xx_HAL_Driver/Src/stm32f1xx_hal.o
 .ARM.attributes
                0x000002e1       0x2d ./Drivers/STM32F1xx_HAL_Driver/Src/stm32f1xx_hal_cortex.o
 .ARM.attributes
                0x0000030e       0x2d ./Drivers/STM32F1xx_HAL_Driver/Src/stm32f1xx_hal_gpio.o
 .ARM.attributes
                0x0000033b       0x2d ./Drivers/STM32F1xx_HAL_Driver/Src/stm32f1xx_hal_rcc.o
 .ARM.attributes
                0x00000368       0x2d ./Drivers/STM32F1xx_HAL_Driver/Src/stm32f1xx_hal_tim.o
 .ARM.attributes
                0x00000395       0x2d ./Drivers/STM32F1xx_HAL_Driver/Src/stm32f1xx_hal_tim_ex.o
 .ARM.attributes
                0x000003c2       0x2d C:/ST/STM32CubeIDE_1.16.1/STM32CubeIDE/plugins/com.st.stm32cube.ide.mcu.externaltools.gnu-tools-for-stm32.12.3.rel1.win32_1.0.200.202406191623/tools/bin/../lib/gcc/arm-none-eabi/12.3.1/../../../../arm-none-eabi/lib/thumb/v7-m/nofp\libc_nano.a(libc_a-memset.o)
 .ARM.attributes
                0x000003ef       0x2d C:/ST/STM32CubeIDE_1.16.1/STM32CubeIDE/plugins/com.st.stm32cube.ide.mcu.externaltools.gnu-tools-for-stm32.12.3.rel1.win32_1.0.200.202406191623/tools/bin/../lib/gcc/arm-none-eabi/12.3.1/../../../../arm-none-eabi/lib/thumb/v7-m/nofp\libc_nano.a(libc_a-init.o)
 .ARM.attributes
                0x0000041c       0x1d C:/ST/STM32CubeIDE_1.16.1/STM32CubeIDE/plugins/com.st.stm32cube.ide.mcu.externaltools.gnu-tools-for-stm32.12.3.rel1.win32_1.0.200.202406191623/tools/bin/../lib/gcc/arm-none-eabi/12.3.1/thumb/v7-m/nofp/crtn.o
OUTPUT(Lab3_new2.elf elf32-littlearm)
LOAD linker stubs
LOAD C:/ST/STM32CubeIDE_1.16.1/STM32CubeIDE/plugins/com.st.stm32cube.ide.mcu.externaltools.gnu-tools-for-stm32.12.3.rel1.win32_1.0.200.202406191623/tools/bin/../lib/gcc/arm-none-eabi/12.3.1/../../../../arm-none-eabi/lib/thumb/v7-m/nofp\libc.a
LOAD C:/ST/STM32CubeIDE_1.16.1/STM32CubeIDE/plugins/com.st.stm32cube.ide.mcu.externaltools.gnu-tools-for-stm32.12.3.rel1.win32_1.0.200.202406191623/tools/bin/../lib/gcc/arm-none-eabi/12.3.1/../../../../arm-none-eabi/lib/thumb/v7-m/nofp\libm.a
LOAD C:/ST/STM32CubeIDE_1.16.1/STM32CubeIDE/plugins/com.st.stm32cube.ide.mcu.externaltools.gnu-tools-for-stm32.12.3.rel1.win32_1.0.200.202406191623/tools/bin/../lib/gcc/arm-none-eabi/12.3.1/thumb/v7-m/nofp\libgcc.a

.debug_info     0x00000000     0x8eb1
 .debug_info    0x00000000      0x31d ./Core/Src/Button.o
 .debug_info    0x0000031d      0x2a9 ./Core/Src/SCH_global.o
 .debug_info    0x000005c6      0x2cc ./Core/Src/blinky_4led.o
 .debug_info    0x00000892      0x1d5 ./Core/Src/fsm_automatic.o
 .debug_info    0x00000a67      0x209 ./Core/Src/fsm_manual.o
 .debug_info    0x00000c70      0x1ba ./Core/Src/global.o
 .debug_info    0x00000e2a      0x222 ./Core/Src/led.o
 .debug_info    0x0000104c      0xcd7 ./Core/Src/main.o
 .debug_info    0x00001d23      0x1a3 ./Core/Src/seven_segment.o
 .debug_info    0x00001ec6      0x11b ./Core/Src/software_timer.o
 .debug_info    0x00001fe1      0x91a ./Core/Src/stm32f1xx_hal_msp.o
 .debug_info    0x000028fb      0x6a1 ./Core/Src/stm32f1xx_it.o
 .debug_info    0x00002f9c      0x222 ./Core/Src/system_stm32f1xx.o
 .debug_info    0x000031be       0x30 ./Core/Startup/startup_stm32f103c6ux.o
 .debug_info    0x000031ee      0x6e6 ./Drivers/STM32F1xx_HAL_Driver/Src/stm32f1xx_hal.o
 .debug_info    0x000038d4      0xa69 ./Drivers/STM32F1xx_HAL_Driver/Src/stm32f1xx_hal_cortex.o
 .debug_info    0x0000433d      0x5ab ./Drivers/STM32F1xx_HAL_Driver/Src/stm32f1xx_hal_gpio.o
 .debug_info    0x000048e8      0x7d5 ./Drivers/STM32F1xx_HAL_Driver/Src/stm32f1xx_hal_rcc.o
 .debug_info    0x000050bd     0x2959 ./Drivers/STM32F1xx_HAL_Driver/Src/stm32f1xx_hal_tim.o
 .debug_info    0x00007a16     0x149b ./Drivers/STM32F1xx_HAL_Driver/Src/stm32f1xx_hal_tim_ex.o

.debug_abbrev   0x00000000     0x1e28
 .debug_abbrev  0x00000000      0x12b ./Core/Src/Button.o
 .debug_abbrev  0x0000012b      0x1a4 ./Core/Src/SCH_global.o
 .debug_abbrev  0x000002cf      0x15c ./Core/Src/blinky_4led.o
 .debug_abbrev  0x0000042b       0xa2 ./Core/Src/fsm_automatic.o
 .debug_abbrev  0x000004cd       0xa4 ./Core/Src/fsm_manual.o
 .debug_abbrev  0x00000571       0x4e ./Core/Src/global.o
 .debug_abbrev  0x000005bf       0xe0 ./Core/Src/led.o
 .debug_abbrev  0x0000069f      0x2a5 ./Core/Src/main.o
 .debug_abbrev  0x00000944      0x10b ./Core/Src/seven_segment.o
 .debug_abbrev  0x00000a4f       0xc9 ./Core/Src/software_timer.o
 .debug_abbrev  0x00000b18      0x1ad ./Core/Src/stm32f1xx_hal_msp.o
 .debug_abbrev  0x00000cc5      0x191 ./Core/Src/stm32f1xx_it.o
 .debug_abbrev  0x00000e56      0x13f ./Core/Src/system_stm32f1xx.o
 .debug_abbrev  0x00000f95       0x24 ./Core/Startup/startup_stm32f103c6ux.o
 .debug_abbrev  0x00000fb9      0x201 ./Drivers/STM32F1xx_HAL_Driver/Src/stm32f1xx_hal.o
 .debug_abbrev  0x000011ba      0x2f8 ./Drivers/STM32F1xx_HAL_Driver/Src/stm32f1xx_hal_cortex.o
 .debug_abbrev  0x000014b2      0x1ca ./Drivers/STM32F1xx_HAL_Driver/Src/stm32f1xx_hal_gpio.o
 .debug_abbrev  0x0000167c      0x2b3 ./Drivers/STM32F1xx_HAL_Driver/Src/stm32f1xx_hal_rcc.o
 .debug_abbrev  0x0000192f      0x277 ./Drivers/STM32F1xx_HAL_Driver/Src/stm32f1xx_hal_tim.o
 .debug_abbrev  0x00001ba6      0x282 ./Drivers/STM32F1xx_HAL_Driver/Src/stm32f1xx_hal_tim_ex.o

.debug_aranges  0x00000000      0xb48
 .debug_aranges
                0x00000000       0x60 ./Core/Src/Button.o
 .debug_aranges
                0x00000060       0x48 ./Core/Src/SCH_global.o
 .debug_aranges
                0x000000a8       0x48 ./Core/Src/blinky_4led.o
 .debug_aranges
                0x000000f0       0x20 ./Core/Src/fsm_automatic.o
 .debug_aranges
                0x00000110       0x20 ./Core/Src/fsm_manual.o
 .debug_aranges
                0x00000130       0x18 ./Core/Src/global.o
 .debug_aranges
                0x00000148       0x78 ./Core/Src/led.o
 .debug_aranges
                0x000001c0       0x48 ./Core/Src/main.o
 .debug_aranges
                0x00000208       0x20 ./Core/Src/seven_segment.o
 .debug_aranges
                0x00000228       0x38 ./Core/Src/software_timer.o
 .debug_aranges
                0x00000260       0x30 ./Core/Src/stm32f1xx_hal_msp.o
 .debug_aranges
                0x00000290       0x68 ./Core/Src/stm32f1xx_it.o
 .debug_aranges
                0x000002f8       0x28 ./Core/Src/system_stm32f1xx.o
 .debug_aranges
                0x00000320       0x28 ./Core/Startup/startup_stm32f103c6ux.o
 .debug_aranges
                0x00000348       0xe0 ./Drivers/STM32F1xx_HAL_Driver/Src/stm32f1xx_hal.o
 .debug_aranges
                0x00000428      0x100 ./Drivers/STM32F1xx_HAL_Driver/Src/stm32f1xx_hal_cortex.o
 .debug_aranges
                0x00000528       0x58 ./Drivers/STM32F1xx_HAL_Driver/Src/stm32f1xx_hal_gpio.o
 .debug_aranges
                0x00000580       0x90 ./Drivers/STM32F1xx_HAL_Driver/Src/stm32f1xx_hal_rcc.o
 .debug_aranges
                0x00000610      0x3d0 ./Drivers/STM32F1xx_HAL_Driver/Src/stm32f1xx_hal_tim.o
 .debug_aranges
                0x000009e0      0x168 ./Drivers/STM32F1xx_HAL_Driver/Src/stm32f1xx_hal_tim_ex.o

.debug_rnglists
                0x00000000      0x878
 .debug_rnglists
                0x00000000       0x43 ./Core/Src/Button.o
 .debug_rnglists
                0x00000043       0x35 ./Core/Src/SCH_global.o
 .debug_rnglists
                0x00000078       0x33 ./Core/Src/blinky_4led.o
 .debug_rnglists
                0x000000ab       0x14 ./Core/Src/fsm_automatic.o
 .debug_rnglists
                0x000000bf       0x14 ./Core/Src/fsm_manual.o
 .debug_rnglists
                0x000000d3       0x55 ./Core/Src/led.o
 .debug_rnglists
                0x00000128       0x33 ./Core/Src/main.o
 .debug_rnglists
                0x0000015b       0x14 ./Core/Src/seven_segment.o
 .debug_rnglists
                0x0000016f       0x26 ./Core/Src/software_timer.o
 .debug_rnglists
                0x00000195       0x1f ./Core/Src/stm32f1xx_hal_msp.o
 .debug_rnglists
                0x000001b4       0x49 ./Core/Src/stm32f1xx_it.o
 .debug_rnglists
                0x000001fd       0x1a ./Core/Src/system_stm32f1xx.o
 .debug_rnglists
                0x00000217       0x19 ./Core/Startup/startup_stm32f103c6ux.o
 .debug_rnglists
                0x00000230       0xa3 ./Drivers/STM32F1xx_HAL_Driver/Src/stm32f1xx_hal.o
 .debug_rnglists
                0x000002d3       0xbb ./Drivers/STM32F1xx_HAL_Driver/Src/stm32f1xx_hal_cortex.o
 .debug_rnglists
                0x0000038e       0x3f ./Drivers/STM32F1xx_HAL_Driver/Src/stm32f1xx_hal_gpio.o
 .debug_rnglists
                0x000003cd       0x6c ./Drivers/STM32F1xx_HAL_Driver/Src/stm32f1xx_hal_rcc.o
 .debug_rnglists
                0x00000439      0x31a ./Drivers/STM32F1xx_HAL_Driver/Src/stm32f1xx_hal_tim.o
 .debug_rnglists
                0x00000753      0x125 ./Drivers/STM32F1xx_HAL_Driver/Src/stm32f1xx_hal_tim_ex.o

.debug_macro    0x00000000    0x17cb3
 .debug_macro   0x00000000      0x1b5 ./Core/Src/Button.o
 .debug_macro   0x000001b5      0xaa8 ./Core/Src/Button.o
 .debug_macro   0x00000c5d      0x215 ./Core/Src/Button.o
 .debug_macro   0x00000e72       0x2e ./Core/Src/Button.o
 .debug_macro   0x00000ea0       0x22 ./Core/Src/Button.o
 .debug_macro   0x00000ec2       0x22 ./Core/Src/Button.o
 .debug_macro   0x00000ee4       0x8e ./Core/Src/Button.o
 .debug_macro   0x00000f72       0x51 ./Core/Src/Button.o
 .debug_macro   0x00000fc3      0x103 ./Core/Src/Button.o
 .debug_macro   0x000010c6       0x6a ./Core/Src/Button.o
 .debug_macro   0x00001130      0x1df ./Core/Src/Button.o
 .debug_macro   0x0000130f       0x1c ./Core/Src/Button.o
 .debug_macro   0x0000132b       0x22 ./Core/Src/Button.o
 .debug_macro   0x0000134d       0xbd ./Core/Src/Button.o
 .debug_macro   0x0000140a      0xd23 ./Core/Src/Button.o
 .debug_macro   0x0000212d     0xde75 ./Core/Src/Button.o
 .debug_macro   0x0000ffa2       0x6d ./Core/Src/Button.o
 .debug_macro   0x0001000f     0x34a2 ./Core/Src/Button.o
 .debug_macro   0x000134b1      0x189 ./Core/Src/Button.o
 .debug_macro   0x0001363a       0x5c ./Core/Src/Button.o
 .debug_macro   0x00013696      0x5bc ./Core/Src/Button.o
 .debug_macro   0x00013c52      0x1b7 ./Core/Src/Button.o
 .debug_macro   0x00013e09      0x1cb ./Core/Src/Button.o
 .debug_macro   0x00013fd4      0x114 ./Core/Src/Button.o
 .debug_macro   0x000140e8      0x1b2 ./Core/Src/Button.o
 .debug_macro   0x0001429a       0x27 ./Core/Src/Button.o
 .debug_macro   0x000142c1      0x12f ./Core/Src/Button.o
 .debug_macro   0x000143f0      0x1bc ./Core/Src/Button.o
 .debug_macro   0x000145ac       0x34 ./Core/Src/Button.o
 .debug_macro   0x000145e0       0x3c ./Core/Src/Button.o
 .debug_macro   0x0001461c       0x57 ./Core/Src/Button.o
 .debug_macro   0x00014673       0x87 ./Core/Src/Button.o
 .debug_macro   0x000146fa      0x183 ./Core/Src/Button.o
 .debug_macro   0x0001487d      0x140 ./Core/Src/Button.o
 .debug_macro   0x000149bd      0x8ed ./Core/Src/Button.o
 .debug_macro   0x000152aa       0x69 ./Core/Src/Button.o
 .debug_macro   0x00015313       0xf4 ./Core/Src/Button.o
 .debug_macro   0x00015407       0x10 ./Core/Src/Button.o
 .debug_macro   0x00015417      0x1af ./Core/Src/SCH_global.o
 .debug_macro   0x000155c6       0x2e ./Core/Src/SCH_global.o
 .debug_macro   0x000155f4      0x1e0 ./Core/Src/blinky_4led.o
 .debug_macro   0x000157d4       0x16 ./Core/Src/blinky_4led.o
 .debug_macro   0x000157ea       0x4c ./Core/Src/blinky_4led.o
 .debug_macro   0x00015836      0x1f4 ./Core/Src/fsm_automatic.o
 .debug_macro   0x00015a2a      0x1f8 ./Core/Src/fsm_manual.o
 .debug_macro   0x00015c22      0x1ce ./Core/Src/global.o
 .debug_macro   0x00015df0      0x1b0 ./Core/Src/led.o
 .debug_macro   0x00015fa0      0x2e7 ./Core/Src/main.o
 .debug_macro   0x00016287       0x61 ./Core/Src/main.o
 .debug_macro   0x000162e8       0x24 ./Core/Src/main.o
 .debug_macro   0x0001630c       0x43 ./Core/Src/main.o
 .debug_macro   0x0001634f       0x34 ./Core/Src/main.o
 .debug_macro   0x00016383       0x16 ./Core/Src/main.o
 .debug_macro   0x00016399       0x35 ./Core/Src/main.o
 .debug_macro   0x000163ce      0x369 ./Core/Src/main.o
 .debug_macro   0x00016737       0x10 ./Core/Src/main.o
 .debug_macro   0x00016747       0x16 ./Core/Src/main.o
 .debug_macro   0x0001675d       0x43 ./Core/Src/main.o
 .debug_macro   0x000167a0       0x34 ./Core/Src/main.o
 .debug_macro   0x000167d4       0x10 ./Core/Src/main.o
 .debug_macro   0x000167e4       0x58 ./Core/Src/main.o
 .debug_macro   0x0001683c       0x8e ./Core/Src/main.o
 .debug_macro   0x000168ca       0x1c ./Core/Src/main.o
 .debug_macro   0x000168e6      0x177 ./Core/Src/main.o
 .debug_macro   0x00016a5d       0x16 ./Core/Src/main.o
 .debug_macro   0x00016a73       0x16 ./Core/Src/main.o
 .debug_macro   0x00016a89      0x146 ./Core/Src/main.o
 .debug_macro   0x00016bcf      0x1b0 ./Core/Src/seven_segment.o
 .debug_macro   0x00016d7f       0x1b ./Core/Src/software_timer.o
 .debug_macro   0x00016d9a      0x1a6 ./Core/Src/stm32f1xx_hal_msp.o
 .debug_macro   0x00016f40      0x1b0 ./Core/Src/stm32f1xx_it.o
 .debug_macro   0x000170f0      0x197 ./Core/Src/system_stm32f1xx.o
 .debug_macro   0x00017287      0x1bb ./Drivers/STM32F1xx_HAL_Driver/Src/stm32f1xx_hal.o
 .debug_macro   0x00017442      0x197 ./Drivers/STM32F1xx_HAL_Driver/Src/stm32f1xx_hal_cortex.o
 .debug_macro   0x000175d9      0x202 ./Drivers/STM32F1xx_HAL_Driver/Src/stm32f1xx_hal_gpio.o
 .debug_macro   0x000177db      0x1a9 ./Drivers/STM32F1xx_HAL_Driver/Src/stm32f1xx_hal_rcc.o
 .debug_macro   0x00017984      0x198 ./Drivers/STM32F1xx_HAL_Driver/Src/stm32f1xx_hal_tim.o
 .debug_macro   0x00017b1c      0x197 ./Drivers/STM32F1xx_HAL_Driver/Src/stm32f1xx_hal_tim_ex.o

.debug_line     0x00000000     0xdc5a
 .debug_line    0x00000000      0x84f ./Core/Src/Button.o
 .debug_line    0x0000084f      0x864 ./Core/Src/SCH_global.o
 .debug_line    0x000010b3      0x86c ./Core/Src/blinky_4led.o
 .debug_line    0x0000191f      0x832 ./Core/Src/fsm_automatic.o
 .debug_line    0x00002151      0x91a ./Core/Src/fsm_manual.o
 .debug_line    0x00002a6b      0x6f5 ./Core/Src/global.o
 .debug_line    0x00003160      0x7e3 ./Core/Src/led.o
 .debug_line    0x00003943      0xa06 ./Core/Src/main.o
 .debug_line    0x00004349      0x745 ./Core/Src/seven_segment.o
 .debug_line    0x00004a8e       0xf5 ./Core/Src/software_timer.o
 .debug_line    0x00004b83      0x729 ./Core/Src/stm32f1xx_hal_msp.o
 .debug_line    0x000052ac      0x7c7 ./Core/Src/stm32f1xx_it.o
 .debug_line    0x00005a73      0x76b ./Core/Src/system_stm32f1xx.o
 .debug_line    0x000061de       0x78 ./Core/Startup/startup_stm32f103c6ux.o
 .debug_line    0x00006256      0x998 ./Drivers/STM32F1xx_HAL_Driver/Src/stm32f1xx_hal.o
 .debug_line    0x00006bee      0xb84 ./Drivers/STM32F1xx_HAL_Driver/Src/stm32f1xx_hal_cortex.o
 .debug_line    0x00007772      0xa1c ./Drivers/STM32F1xx_HAL_Driver/Src/stm32f1xx_hal_gpio.o
 .debug_line    0x0000818e      0xda1 ./Drivers/STM32F1xx_HAL_Driver/Src/stm32f1xx_hal_rcc.o
 .debug_line    0x00008f2f     0x3474 ./Drivers/STM32F1xx_HAL_Driver/Src/stm32f1xx_hal_tim.o
 .debug_line    0x0000c3a3     0x18b7 ./Drivers/STM32F1xx_HAL_Driver/Src/stm32f1xx_hal_tim_ex.o

.debug_str      0x00000000    0x85f2a
 .debug_str     0x00000000    0x7f87f ./Core/Src/Button.o
                              0x7fbfb (size before relaxing)
 .debug_str     0x0007f87f      0x188 ./Core/Src/SCH_global.o
                              0x7fb81 (size before relaxing)
 .debug_str     0x0007fa07      0x258 ./Core/Src/blinky_4led.o
                              0x7fcd8 (size before relaxing)
 .debug_str     0x0007fc5f      0x119 ./Core/Src/fsm_automatic.o
                              0x7fc84 (size before relaxing)
 .debug_str     0x0007fd78       0x3b ./Core/Src/fsm_manual.o
                              0x7fcb0 (size before relaxing)
 .debug_str     0x0007fdb3       0x27 ./Core/Src/global.o
                              0x7fbca (size before relaxing)
 .debug_str     0x0007fdda       0x12 ./Core/Src/led.o
                              0x7fadd (size before relaxing)
 .debug_str     0x0007fdec     0x3e78 ./Core/Src/main.o
                              0x83c4f (size before relaxing)
 .debug_str     0x00083c64       0x2b ./Core/Src/seven_segment.o
                              0x7fa92 (size before relaxing)
 .debug_str     0x00083c8f       0x4a ./Core/Src/software_timer.o
                               0x2e64 (size before relaxing)
 .debug_str     0x00083cd9      0x300 ./Core/Src/stm32f1xx_hal_msp.o
                              0x80249 (size before relaxing)
 .debug_str     0x00083fd9       0xec ./Core/Src/stm32f1xx_it.o
                              0x7ff84 (size before relaxing)
 .debug_str     0x000840c5       0x7e ./Core/Src/system_stm32f1xx.o
                              0x7f753 (size before relaxing)
 .debug_str     0x00084143       0x44 ./Core/Startup/startup_stm32f103c6ux.o
                                 0x8f (size before relaxing)
 .debug_str     0x00084187      0x38e ./Drivers/STM32F1xx_HAL_Driver/Src/stm32f1xx_hal.o
                              0x7fe4c (size before relaxing)
 .debug_str     0x00084515      0x294 ./Drivers/STM32F1xx_HAL_Driver/Src/stm32f1xx_hal_cortex.o
                              0x7fd98 (size before relaxing)
 .debug_str     0x000847a9      0x2e5 ./Drivers/STM32F1xx_HAL_Driver/Src/stm32f1xx_hal_gpio.o
                              0x7fad9 (size before relaxing)
 .debug_str     0x00084a8e      0x229 ./Drivers/STM32F1xx_HAL_Driver/Src/stm32f1xx_hal_rcc.o
                              0x7fb82 (size before relaxing)
 .debug_str     0x00084cb7      0xde0 ./Drivers/STM32F1xx_HAL_Driver/Src/stm32f1xx_hal_tim.o
                              0x80b84 (size before relaxing)
 .debug_str     0x00085a97      0x493 ./Drivers/STM32F1xx_HAL_Driver/Src/stm32f1xx_hal_tim_ex.o
                              0x80390 (size before relaxing)

.comment        0x00000000       0x43
 .comment       0x00000000       0x43 ./Core/Src/Button.o
                                 0x44 (size before relaxing)
 .comment       0x00000043       0x44 ./Core/Src/SCH_global.o
 .comment       0x00000043       0x44 ./Core/Src/blinky_4led.o
 .comment       0x00000043       0x44 ./Core/Src/fsm_automatic.o
 .comment       0x00000043       0x44 ./Core/Src/fsm_manual.o
 .comment       0x00000043       0x44 ./Core/Src/global.o
 .comment       0x00000043       0x44 ./Core/Src/led.o
 .comment       0x00000043       0x44 ./Core/Src/main.o
 .comment       0x00000043       0x44 ./Core/Src/seven_segment.o
 .comment       0x00000043       0x44 ./Core/Src/software_timer.o
 .comment       0x00000043       0x44 ./Core/Src/stm32f1xx_hal_msp.o
 .comment       0x00000043       0x44 ./Core/Src/stm32f1xx_it.o
 .comment       0x00000043       0x44 ./Core/Src/system_stm32f1xx.o
 .comment       0x00000043       0x44 ./Drivers/STM32F1xx_HAL_Driver/Src/stm32f1xx_hal.o
 .comment       0x00000043       0x44 ./Drivers/STM32F1xx_HAL_Driver/Src/stm32f1xx_hal_cortex.o
 .comment       0x00000043       0x44 ./Drivers/STM32F1xx_HAL_Driver/Src/stm32f1xx_hal_gpio.o
 .comment       0x00000043       0x44 ./Drivers/STM32F1xx_HAL_Driver/Src/stm32f1xx_hal_rcc.o
 .comment       0x00000043       0x44 ./Drivers/STM32F1xx_HAL_Driver/Src/stm32f1xx_hal_tim.o
 .comment       0x00000043       0x44 ./Drivers/STM32F1xx_HAL_Driver/Src/stm32f1xx_hal_tim_ex.o

.debug_frame    0x00000000     0x2b40
 .debug_frame   0x00000000      0x124 ./Core/Src/Button.o
 .debug_frame   0x00000124       0xec ./Core/Src/SCH_global.o
 .debug_frame   0x00000210       0xd4 ./Core/Src/blinky_4led.o
 .debug_frame   0x000002e4       0x2c ./Core/Src/fsm_automatic.o
 .debug_frame   0x00000310       0x2c ./Core/Src/fsm_manual.o
 .debug_frame   0x0000033c      0x160 ./Core/Src/led.o
 .debug_frame   0x0000049c       0xd4 ./Core/Src/main.o
 .debug_frame   0x00000570       0x38 ./Core/Src/seven_segment.o
 .debug_frame   0x000005a8       0xa8 ./Core/Src/software_timer.o
 .debug_frame   0x00000650       0x80 ./Core/Src/stm32f1xx_hal_msp.o
 .debug_frame   0x000006d0      0x120 ./Core/Src/stm32f1xx_it.o
 .debug_frame   0x000007f0       0x58 ./Core/Src/system_stm32f1xx.o
 .debug_frame   0x00000848      0x334 ./Drivers/STM32F1xx_HAL_Driver/Src/stm32f1xx_hal.o
 .debug_frame   0x00000b7c      0x428 ./Drivers/STM32F1xx_HAL_Driver/Src/stm32f1xx_hal_cortex.o
 .debug_frame   0x00000fa4      0x14c ./Drivers/STM32F1xx_HAL_Driver/Src/stm32f1xx_hal_gpio.o
 .debug_frame   0x000010f0      0x218 ./Drivers/STM32F1xx_HAL_Driver/Src/stm32f1xx_hal_rcc.o
 .debug_frame   0x00001308     0x11b4 ./Drivers/STM32F1xx_HAL_Driver/Src/stm32f1xx_hal_tim.o
 .debug_frame   0x000024bc      0x638 ./Drivers/STM32F1xx_HAL_Driver/Src/stm32f1xx_hal_tim_ex.o
 .debug_frame   0x00002af4       0x20 C:/ST/STM32CubeIDE_1.16.1/STM32CubeIDE/plugins/com.st.stm32cube.ide.mcu.externaltools.gnu-tools-for-stm32.12.3.rel1.win32_1.0.200.202406191623/tools/bin/../lib/gcc/arm-none-eabi/12.3.1/../../../../arm-none-eabi/lib/thumb/v7-m/nofp\libc_nano.a(libc_a-memset.o)
 .debug_frame   0x00002b14       0x2c C:/ST/STM32CubeIDE_1.16.1/STM32CubeIDE/plugins/com.st.stm32cube.ide.mcu.externaltools.gnu-tools-for-stm32.12.3.rel1.win32_1.0.200.202406191623/tools/bin/../lib/gcc/arm-none-eabi/12.3.1/../../../../arm-none-eabi/lib/thumb/v7-m/nofp\libc_nano.a(libc_a-init.o)

.debug_line_str
                0x00000000       0x73
 .debug_line_str
                0x00000000       0x73 ./Core/Startup/startup_stm32f103c6ux.o
