16:37:50 **** Incremental Build of configuration Debug for project Lab3_new ****
make -j8 all 
arm-none-eabi-gcc "../Core/Src/main.c" -mcpu=cortex-m3 -std=gnu11 -g3 -DDEBUG -DUSE_HAL_DRIVER -DSTM32F103x6 -c -I../Core/Inc -I../Drivers/STM32F1xx_HAL_Driver/Inc/Legacy -I../Drivers/STM32F1xx_HAL_Driver/Inc -I../Drivers/CMSIS/Device/ST/STM32F1xx/Include -I../Drivers/CMSIS/Include -O0 -ffunction-sections -fdata-sections -Wall -fstack-usage -fcyclomatic-complexity -MMD -MP -MF"Core/Src/main.d" -MT"Core/Src/main.o" --specs=nano.specs -mfloat-abi=soft -mthumb -o "Core/Src/main.o"
arm-none-eabi-gcc -o "Lab3_new.elf" @"objects.list"   -mcpu=cortex-m3 -T"C:\Users\tangu\OneDrive\Desktop\Forth year\Vixuly\Lab\Lab3\Lab3_new\STM32F103C6UX_FLASH.ld" --specs=nosys.specs -Wl,-Map="Lab3_new.map" -Wl,--gc-sections -static --specs=nano.specs -mfloat-abi=soft -mthumb -Wl,--start-group -lc -lm -Wl,--end-group
Finished building target: Lab3_new.elf
 
arm-none-eabi-size  Lab3_new.elf 
arm-none-eabi-objdump -h -S Lab3_new.elf  > "Lab3_new.list"
   text	   data	    bss	    dec	    hex	filename
  12776	    120	   2536	  15432	   3c48	Lab3_new.elf
arm-none-eabi-objcopy  -O ihex Lab3_new.elf  "Lab3_new.hex"
Finished building: default.size.stdout
arm-none-eabi-objcopy  -O binary Lab3_new.elf  "Lab3_new.bin"
 
Finished building: Lab3_new.hex
Finished building: Lab3_new.list
 
Finished building: Lab3_new.bin
 
 
