11:43:37 **** Incremental Build of configuration Debug for project Lab3_phan1 ****
make -j8 all 
arm-none-eabi-gcc "../Core/Src/main.c" -mcpu=cortex-m3 -std=gnu11 -g3 -DDEBUG -DUSE_HAL_DRIVER -DSTM32F103x6 -c -I../Core/Inc -I../Drivers/STM32F1xx_HAL_Driver/Inc/Legacy -I../Drivers/STM32F1xx_HAL_Driver/Inc -I../Drivers/CMSIS/Device/ST/STM32F1xx/Include -I../Drivers/CMSIS/Include -O0 -ffunction-sections -fdata-sections -Wall -fstack-usage -fcyclomatic-complexity -MMD -MP -MF"Core/Src/main.d" -MT"Core/Src/main.o" --specs=nano.specs -mfloat-abi=soft -mthumb -o "Core/Src/main.o"
arm-none-eabi-gcc -o "Lab3_phan1.elf" @"objects.list"   -mcpu=cortex-m3 -T"C:\Users\tangu\OneDrive\Desktop\Forth year\Vixuly\Lab\Lab3\STMCube\STM32F103C6TX_FLASH.ld" --specs=nosys.specs -Wl,-Map="Lab3_phan1.map" -Wl,--gc-sections -static --specs=nano.specs -mfloat-abi=soft -mthumb -Wl,--start-group -lc -lm -Wl,--end-group
Finished building target: Lab3_phan1.elf
 
arm-none-eabi-size  Lab3_phan1.elf 
arm-none-eabi-objdump -h -S Lab3_phan1.elf  > "Lab3_phan1.list"
   text	   data	    bss	    dec	    hex	filename
   7228	     32	   1648	   8908	   22cc	Lab3_phan1.elf
arm-none-eabi-objcopy  -O ihex Lab3_phan1.elf  "Lab3_phan1.hex"
Finished building: default.size.stdout
arm-none-eabi-objcopy  -O binary Lab3_phan1.elf  "Lab3_phan1.bin"
 
Finished building: Lab3_phan1.list
Finished building: Lab3_phan1.hex
 
Finished building: Lab3_phan1.bin
 
 

11:43:38 Build Finished. 0 errors, 0 warnings. (took 1s.38ms)

