15:03:15 **** Incremental Build of configuration Debug for project Lab4_stm ****
make -j8 all 
arm-none-eabi-gcc "../Core/Src/main.c" -mcpu=cortex-m3 -std=gnu11 -g3 -DDEBUG -DUSE_HAL_DRIVER -DSTM32F103x6 -c -I../Core/Inc -I../Drivers/STM32F1xx_HAL_Driver/Inc/Legacy -I../Drivers/STM32F1xx_HAL_Driver/Inc -I../Drivers/CMSIS/Device/ST/STM32F1xx/Include -I../Drivers/CMSIS/Include -O0 -ffunction-sections -fdata-sections -Wall -fstack-usage -fcyclomatic-complexity -MMD -MP -MF"Core/Src/main.d" -MT"Core/Src/main.o" --specs=nano.specs -mfloat-abi=soft -mthumb -o "Core/Src/main.o"
arm-none-eabi-g++ -o "Lab4_stm.elf" @"objects.list"   -mcpu=cortex-m3 -T"C:\Users\tangu\OneDrive\Desktop\Forth year\Vixuly\Lab\Lab4\Lab04_stm\STM32F103C6TX_FLASH.ld" --specs=nosys.specs -Wl,-Map="Lab4_stm.map" -Wl,--gc-sections -static --specs=nano.specs -mfloat-abi=soft -mthumb -Wl,--start-group -lc -lm -lstdc++ -lsupc++ -Wl,--end-group
Finished building target: Lab4_stm.elf
 
arm-none-eabi-size  Lab4_stm.elf 
arm-none-eabi-objdump -h -S Lab4_stm.elf  > "Lab4_stm.list"
   text	   data	    bss	    dec	    hex	filename
  12388	    120	   2536	  15044	   3ac4	Lab4_stm.elf
arm-none-eabi-objcopy  -O ihex Lab4_stm.elf  "Lab4_stm.hex"
Finished building: default.size.stdout
arm-none-eabi-objcopy  -O binary Lab4_stm.elf  "Lab4_stm.bin"
 
Finished building: Lab4_stm.list
Finished building: Lab4_stm.hex
 
Finished building: Lab4_stm.bin
 
 

15:03:17 Build Finished. 0 errors, 0 warnings. (took 1s.381ms)

