../Core/Src/led.c:10:6:red1_on	8	static
../Core/Src/led.c:13:6:red1_off	8	static
../Core/Src/led.c:16:6:red2_on	8	static
../Core/Src/led.c:19:6:red2_off	8	static
../Core/Src/led.c:23:6:yellow1_on	8	static
../Core/Src/led.c:26:6:yellow1_off	8	static
../Core/Src/led.c:29:6:yellow2_on	8	static
../Core/Src/led.c:32:6:yellow2_off	8	static
../Core/Src/led.c:36:6:green1_on	8	static
../Core/Src/led.c:39:6:green1_off	8	static
../Core/Src/led.c:42:6:green2_on	8	static
../Core/Src/led.c:45:6:green2_off	8	static
